
> @hop/web@0.0.0 build
> tsc -b && vite build

../../packages/engine/src/logic.ts(7,34): error TS6196: 'Point' is declared but never used.
node.exe : npm error 
Lifecycle script `build` 
failed with error:
At C:\Program 
Files\nodejs\npm.ps1:29 
char:3
+   & $NODE_EXE $NPM_CLI_JS 
$args
+   
~~~~~~~~~~~~~~~~~~~~~~~~~~~~~
    + CategoryInfo           
   : NotSpecified: (npm err  
  or Lifec...led with erro   
 r::String) [], RemoteExc    
eption
    + FullyQualifiedErrorId  
   : NativeCommandError
 
npm error code 2
npm error path C:\Users\phili
ppe.cave\Documents\Antigravit
y\Hop\apps\web
npm error workspace 
@hop/web@0.0.0
npm error location C:\Users\p
hilippe.cave\Documents\Antigr
avity\Hop\apps\web
npm error command failed
npm error command 
C:\WINDOWS\system32\cmd.exe 
/d /s /c tsc -b && vite build
