--- Skill Test Runner ---
Skill: Grapple Hook (GRAPPLE_HOOK)
  Scenario: Grappling with Fire
    [PASS]
  Scenario: Hook & Bash
    [FAIL]
      Messages: [
  'Hook & Bash!',
  'Hooked footman!',
  'footman moves to (4, 5)',
  'Footman punched you! (HP: 2/3)'
]
      Enemies: [ 'target@4,5' ]
      Player: 4,6
Result: 1 passed, 1 failed.
